Link map of __startup
  1] __startup (func,global) found in MPC5606B_Startup_c.obj 
   2] __start (func,global) found in librt_E200z0_VLE_Soft.a D:\w\EPPC\workspace_codegen\ewl\EWL_Runtime\Runtime_PA_CmdLineData\librt_E200z0_VLE_Soft\obj\__start.o
    3] __init_registers (func,weak) found in librt_E200z0_VLE_Soft.a D:\w\EPPC\workspace_codegen\ewl\EWL_Runtime\Runtime_PA_CmdLineData\librt_E200z0_VLE_Soft\obj\__start.o
     4] _stack_addr found as linker generated symbol
     4] _SDA2_BASE_ found as linker generated symbol
     4] _SDA_BASE_ found as linker generated symbol
    3] __init_hardware (func,global) found in __ppc_eabi_init_c.obj 
     4] usr_init (func,global) found in MPC5606B_init_flash_c.obj 
      5] INIT_Derivative (func,global) found in MPC5606B_HWInit_c.obj 
       6] L2SRAM_LOCATION found as linker generated symbol
       6] L2SRAM_CNT found as linker generated symbol
      5] EXCEP_InitExceptionHandlers (func,global) found in Exceptions_c.obj 
       6] EXCEPTION_HANDLERS found as linker generated symbol
      5] INTC_InitINTCInterrupts (func,global) found in IntcInterrupts_c.obj 
       6] INTCInterruptsHandlerTable (object,global) found in IntcInterrupts_c.obj 
    3] __init_data (func,weak) found in librt_E200z0_VLE_Soft.a D:\w\EPPC\workspace_codegen\ewl\EWL_Runtime\Runtime_PA_CmdLineData\librt_E200z0_VLE_Soft\obj\__start.o
     4] _rom_copy_info (object,global) found in Linker Generated Symbol File 
     4] __copy_rom_section (func,global) found in librt_E200z0_VLE_Soft.a D:\w\EPPC\workspace_codegen\ewl\EWL_Runtime\Runtime_PA_CmdLineData\librt_E200z0_VLE_Soft\obj\__start.o
      5] memcpy (func,global) found in librt_E200z0_VLE_Soft.a D:\w\EPPC\workspace_codegen\ewl\EWL_Runtime\Runtime_PA_CmdLineData\librt_E200z0_VLE_Soft\obj\__mem.o
      5] __flush_cache (func,global) found in __ppc_eabi_init_c.obj 
     4] _bss_init_info (object,global) found in Linker Generated Symbol File 
     4] __init_bss_section (func,global) found in librt_E200z0_VLE_Soft.a D:\w\EPPC\workspace_codegen\ewl\EWL_Runtime\Runtime_PA_CmdLineData\librt_E200z0_VLE_Soft\obj\__start.o
      5] memset (func,global) found in librt_E200z0_VLE_Soft.a D:\w\EPPC\workspace_codegen\ewl\EWL_Runtime\Runtime_PA_CmdLineData\librt_E200z0_VLE_Soft\obj\__mem.o
       6] __fill_mem (func,global) found in librt_E200z0_VLE_Soft.a D:\w\EPPC\workspace_codegen\ewl\EWL_Runtime\Runtime_PA_CmdLineData\librt_E200z0_VLE_Soft\obj\__mem.o
    3] __init_user (func,global) found in __ppc_eabi_init_c.obj 
     4] FlashConfig (func,global) found in __ppc_eabi_init_c.obj 
      5] @23 (object,local) found in __ppc_eabi_init_c.obj 
    3] main (func,global) found in main_c.obj 
     4] Global_Init (func,global) found in Global_Init_c.obj 
      5] STM_init (func,global) found in Global_Init_c.obj 
      5] initModesAndClock (func,global) found in System_c.obj 
      5] GPIO_Init (func,global) found in GPIO_c.obj 
       6] GPIO_En (func,global) found in GPIO_c.obj 
      5] INTC_init (func,global) found in SW_Interrupts_c.obj 
      5] Init_Lin (func,global) found in LIN_Init_c.obj 
     4] GPIO_SetState (func,global) found in GPIO_c.obj 
     4] Tick_Flag (func,global) found in Scheduler_c.obj 
      5] rub_TickFlag (object,global) found in Scheduler_c.obj 
     4] INTC_InstallINTCInterruptHandler (func,global) found in IntcInterrupts_c.obj 
     4] LINFlex_0_RX_ISR (func,global) found in Slave4_Rsp_Rx_Tx_c.obj 
      5] ReleaseMessageBuffer (func,global) found in LIN_Init_c.obj 
      5] raub_RxData (object,global) found in Slave4_Rsp_Rx_Tx_c.obj 
      5] LinSlaveDataReception (func,global) found in LIN_Init_c.obj 
      5] rub_CommandFlag (object,global) found in Slave4_Rsp_Rx_Tx_c.obj 
      5] ReceptionComplete (func,global) found in LIN_Init_c.obj 
      5] HeaderReceived (func,global) found in LIN_Init_c.obj 
      5] ClearMessageBuffer (func,global) found in LIN_Init_c.obj 
     4] LINFlex_0_TX_ISR (func,global) found in Slave4_Rsp_Rx_Tx_c.obj 
      5] GetBufferId (func,global) found in LIN_Init_c.obj 
      5] GetLINStateMachineState (func,global) found in LIN_Init_c.obj 
      5] SetBufferDirection (func,global) found in LIN_Init_c.obj 
      5] WriteTxBuffer (func,global) found in LIN_Init_c.obj 
       6] GetLedState (func,global) found in LED_App_c.obj 
        7] rub_LedState (object,global) found in LED_App_c.obj 
       6] GetNodeState (func,global) found in SlaveApp_c.obj 
        7] rub_NodeState (object,global) found in SlaveApp_c.obj 
      5] DataTransmissionRequest (func,global) found in LIN_Init_c.obj 
      5] DataTxAcknowledge (func,global) found in LIN_Init_c.obj 
     4] kernel (func,global) found in Scheduler_c.obj 
      5] rul_Index (object,global) found in Scheduler_c.obj 
      5] rul_Count (object,global) found in Scheduler_c.obj 
      5] cas_TaskList (object,global) found in Scheduler_c.obj 
       6] ProcessCommand (func,global) found in ProcessCommand_c.obj 
        7] SendLedCommand (func,global) found in ProcessCommand_c.obj 
         8] rub_LedFlag (object,global) found in ProcessCommand_c.obj 
        7] SendNodeCommand (func,global) found in ProcessCommand_c.obj 
         8] rub_NodeFlag (object,global) found in ProcessCommand_c.obj 
       6] Led_StateMachine (func,global) found in LED_App_c.obj 
        7] @LOCAL@Led_StateMachine__Fv@lub_TickCounter (object,local) found in LED_App_c.obj 
        7] ChangeLedState (func,global) found in LED_App_c.obj 
       6] Slave_StateMachine (func,global) found in SlaveApp_c.obj 
        7] ChangeNodeState (func,global) found in SlaveApp_c.obj 
      5] raul_NTask (object,global) found in Scheduler_c.obj 
    3] exit (func,global) found in libc_E200z0_VLE_Soft.a D:\w\EPPC\workspace_codegen\ewl\EWL_C\EWL_C.PA_CmdLineData\libc_E200z0_VLE_Soft\obj\abort_exit.o
    3] >>> UNREFERENCED DUPLICATE exit
    3] >>> (func,weak) found in __ppc_eabi_init_c.obj 
     4] __destroy_global_chain (func,global) found in librt_E200z0_VLE_Soft.a D:\w\EPPC\workspace_codegen\ewl\EWL_Runtime\Runtime_PA_CmdLineData\librt_E200z0_VLE_Soft\obj\global_destructor_chain.o
      5] __global_destructor_chain (object,global) found in librt_E200z0_VLE_Soft.a D:\w\EPPC\workspace_codegen\ewl\EWL_Runtime\Runtime_PA_CmdLineData\librt_E200z0_VLE_Soft\obj\global_destructor_chain.o
     4] __stdio_exit (object,global) found in libc_E200z0_VLE_Soft.a D:\w\EPPC\workspace_codegen\ewl\EWL_C\EWL_C.PA_CmdLineData\libc_E200z0_VLE_Soft\obj\abort_exit.o
     4] __console_exit (object,global) found in libc_E200z0_VLE_Soft.a D:\w\EPPC\workspace_codegen\ewl\EWL_C\EWL_C.PA_CmdLineData\libc_E200z0_VLE_Soft\obj\abort_exit.o
     4] _ExitProcess (func,weak) found in __ppc_eabi_init_c.obj 
     4] __restore_frame_and_exit (func,global) found in librt_E200z0_VLE_Soft.a D:\w\EPPC\workspace_codegen\ewl\EWL_Runtime\Runtime_PA_CmdLineData\librt_E200z0_VLE_Soft\obj\runtime.o
  1] bam_rchw (object,global) found in MPC5606B_init_flash_c.obj 
  1] bam_resetvector (object,global) found in MPC5606B_init_flash_c.obj 
  1] EXCEP_DefaultExceptionHandler (func,global) found in Exceptions_c.obj 
  1] INTC_INTCInterruptHandler (func,global) found in IntcInterrupts_c.obj 
  1] ivor_branch_table_p0 (func,global) found in ivor_branch_table_c.obj 
    3] .init (section,local) found in MPC5606B_init_flash_c.obj 
    3] .init.13 (notype,local) found in MPC5606B_init_flash_c.obj 
    3] .init (section,local) found in MPC5606B_Startup_c.obj 
    3] .init.21 (notype,local) found in MPC5606B_Startup_c.obj 
    3] .text (section,local) found in MPC5606B_HWInit_c.obj 
    3] .text.13 (notype,local) found in MPC5606B_HWInit_c.obj 
    3] .text (section,local) found in SlaveApp_c.obj 
    3] .text.33 (notype,local) found in SlaveApp_c.obj 
    3] .text (section,local) found in ProcessCommand_c.obj 
    3] .text.36 (notype,local) found in ProcessCommand_c.obj 
    3] .text (section,local) found in LED_App_c.obj 
    3] .text.48 (notype,local) found in LED_App_c.obj 
    3] .text (section,local) found in Slave4_Rsp_Rx_Tx_c.obj 
    3] .text.30 (notype,local) found in Slave4_Rsp_Rx_Tx_c.obj 
    3] .text (section,local) found in System_c.obj 
    3] .text.20 (notype,local) found in System_c.obj 
    3] .text (section,local) found in SW_Interrupts_c.obj 
    3] .text.10 (notype,local) found in SW_Interrupts_c.obj 
    3] .text (section,local) found in LIN_Init_c.obj 
    3] .text.73 (notype,local) found in LIN_Init_c.obj 
    3] .text (section,local) found in Global_Init_c.obj 
    3] .text.23 (notype,local) found in Global_Init_c.obj 
    3] .text (section,local) found in GPIO_c.obj 
    3] .text.26 (notype,local) found in GPIO_c.obj 
    3] .text (section,local) found in Scheduler_c.obj 
    3] .text.52 (notype,local) found in Scheduler_c.obj 
    3] .text (section,local) found in main_c.obj 
    3] .text.19 (notype,local) found in main_c.obj 
    3] .ivor_branch_table (section,local) found in ivor_branch_table_c.obj 
    3] .ivor_branch_table.24 (notype,local) found in ivor_branch_table_c.obj 
    3] .text (section,local) found in libc_E200z0_VLE_Soft.a D:\w\EPPC\workspace_codegen\ewl\EWL_C\EWL_C.PA_CmdLineData\libc_E200z0_VLE_Soft\obj\abort_exit.o
    3] .text.86 (notype,local) found in libc_E200z0_VLE_Soft.a D:\w\EPPC\workspace_codegen\ewl\EWL_C\EWL_C.PA_CmdLineData\libc_E200z0_VLE_Soft\obj\abort_exit.o
    3] .init (section,local) found in librt_E200z0_VLE_Soft.a D:\w\EPPC\workspace_codegen\ewl\EWL_Runtime\Runtime_PA_CmdLineData\librt_E200z0_VLE_Soft\obj\__start.o
    3] .init.104 (notype,local) found in librt_E200z0_VLE_Soft.a D:\w\EPPC\workspace_codegen\ewl\EWL_Runtime\Runtime_PA_CmdLineData\librt_E200z0_VLE_Soft\obj\__start.o
    3] .text (section,local) found in librt_E200z0_VLE_Soft.a D:\w\EPPC\workspace_codegen\ewl\EWL_Runtime\Runtime_PA_CmdLineData\librt_E200z0_VLE_Soft\obj\global_destructor_chain.o
    3] .text.104 (notype,local) found in librt_E200z0_VLE_Soft.a D:\w\EPPC\workspace_codegen\ewl\EWL_Runtime\Runtime_PA_CmdLineData\librt_E200z0_VLE_Soft\obj\global_destructor_chain.o
    3] .text (section,local) found in librt_E200z0_VLE_Soft.a D:\w\EPPC\workspace_codegen\ewl\EWL_Runtime\Runtime_PA_CmdLineData\librt_E200z0_VLE_Soft\obj\runtime.o
    3] .text.205 (notype,local) found in librt_E200z0_VLE_Soft.a D:\w\EPPC\workspace_codegen\ewl\EWL_Runtime\Runtime_PA_CmdLineData\librt_E200z0_VLE_Soft\obj\runtime.o


.__bam_bootarea section layout
  Starting        Virtual  File
  address  Size   address  offset
  ---------------------------------
  00000000 000008 00000000 00000260  1 .__bam_bootarea 	MPC5606B_init_flash_c.obj 
  00000000 000004 00000000 00000260  4 bam_rchw 	MPC5606B_init_flash_c.obj 
  00000004 000004 00000004 00000264  4 bam_resetvector 	MPC5606B_init_flash_c.obj 


.init section layout
  Starting        Virtual  File
  address  Size   address  offset
  ---------------------------------
  00000000 000080 00000008 00000268  1 .init 	Linker Generated Symbol File 
  00000000 000060 00000008 00000268  4 _rom_copy_info 	Linker Generated Symbol File 
  00000060 000020 00000068 000002c8  4 _bss_init_info 	Linker Generated Symbol File 


.init_vle section layout
  Starting        Virtual  File
  address  Size   address  offset
  ---------------------------------
  00000000 00002c 00000088 000002e8  1 .init 	__ppc_eabi_init_c.obj 
  00000000 00000a 00000088 000002e8  2 __init_hardware 	__ppc_eabi_init_c.obj 
  0000000a 000022 00000092 000002f2  2 __flush_cache 	__ppc_eabi_init_c.obj 
  0000002c 000012 000000b4 00000314  1 .init 	MPC5606B_init_flash_c.obj 
  0000002c 000012 000000b4 00000314  2 usr_init 	MPC5606B_init_flash_c.obj 
  0000003e 000000 000000c6 00000326  1 .init.13 	MPC5606B_init_flash_c.obj 
  0000003e 000002 000000c8 00000328  4 *fill*
  00000040 000004 000000c8 00000328  1 .init 	MPC5606B_Startup_c.obj 
  00000040 000004 000000c8 00000328  4 __startup 	MPC5606B_Startup_c.obj 
  00000044 000000 000000cc 0000032c  1 .init.21 	MPC5606B_Startup_c.obj 
  00000044 0000f4 000000cc 0000032c  1 .init 	librt_E200z0_VLE_Soft.a D:\w\EPPC\workspace_codegen\ewl\EWL_Runtime\Runtime_PA_CmdLineData\librt_E200z0_VLE_Soft\obj\__start.o
  00000044 000048 000000cc 0000032c  2 __start 	librt_E200z0_VLE_Soft.a D:\w\EPPC\workspace_codegen\ewl\EWL_Runtime\Runtime_PA_CmdLineData\librt_E200z0_VLE_Soft\obj\__start.o
  0000008c 000030 00000114 00000374  2 __copy_rom_section 	librt_E200z0_VLE_Soft.a D:\w\EPPC\workspace_codegen\ewl\EWL_Runtime\Runtime_PA_CmdLineData\librt_E200z0_VLE_Soft\obj\__start.o
  000000bc 00000e 00000144 000003a4  2 __init_bss_section 	librt_E200z0_VLE_Soft.a D:\w\EPPC\workspace_codegen\ewl\EWL_Runtime\Runtime_PA_CmdLineData\librt_E200z0_VLE_Soft\obj\__start.o
  000000ca 00001a 00000152 000003b2  2 __init_registers 	librt_E200z0_VLE_Soft.a D:\w\EPPC\workspace_codegen\ewl\EWL_Runtime\Runtime_PA_CmdLineData\librt_E200z0_VLE_Soft\obj\__start.o
  000000e4 000054 0000016c 000003cc  2 __init_data 	librt_E200z0_VLE_Soft.a D:\w\EPPC\workspace_codegen\ewl\EWL_Runtime\Runtime_PA_CmdLineData\librt_E200z0_VLE_Soft\obj\__start.o
  00000138 000000 000001c0 00000420  1 .init.104 	librt_E200z0_VLE_Soft.a D:\w\EPPC\workspace_codegen\ewl\EWL_Runtime\Runtime_PA_CmdLineData\librt_E200z0_VLE_Soft\obj\__start.o
  00000138 0000d4 000001c0 00000420  1 .init 	librt_E200z0_VLE_Soft.a D:\w\EPPC\workspace_codegen\ewl\EWL_Runtime\Runtime_PA_CmdLineData\librt_E200z0_VLE_Soft\obj\__mem.o
  00000138 000038 000001c0 00000420  2 memcpy 	librt_E200z0_VLE_Soft.a D:\w\EPPC\workspace_codegen\ewl\EWL_Runtime\Runtime_PA_CmdLineData\librt_E200z0_VLE_Soft\obj\__mem.o
  00000170 000082 000001f8 00000458  2 __fill_mem 	librt_E200z0_VLE_Soft.a D:\w\EPPC\workspace_codegen\ewl\EWL_Runtime\Runtime_PA_CmdLineData\librt_E200z0_VLE_Soft\obj\__mem.o
  000001f2 00001a 0000027a 000004da  2 memset 	librt_E200z0_VLE_Soft.a D:\w\EPPC\workspace_codegen\ewl\EWL_Runtime\Runtime_PA_CmdLineData\librt_E200z0_VLE_Soft\obj\__mem.o


.ivor_branch_table section layout
  Starting        Virtual  File
  address  Size   address  offset
  ---------------------------------
  00000000 0000f2 00001000 00000500  1 .ivor_branch_table 	ivor_branch_table_c.obj 
  00000000 0000f2 00001000 00000500 16 ivor_branch_table_p0 	ivor_branch_table_c.obj 
  000000f2 000000 000010f2 000005f2  1 .ivor_branch_table.24 	ivor_branch_table_c.obj 


.intc_hw_branch_table section layout
  Starting        Virtual  File
  address  Size   address  offset
  ---------------------------------


.__exception_handlers section layout
  Starting        Virtual  File
  address  Size   address  offset
  ---------------------------------
  00000000 000096 00001100 00000600  1 .__exception_handlers 	IntcInterrupts_c.obj 
  00000000 000096 00001100 00000600 16 INTC_INTCInterruptHandler 	IntcInterrupts_c.obj 
  00000096 00000a 000011a0 000006a0 16 *fill*
  000000a0 000002 000011a0 000006a0  1 .__exception_handlers 	Exceptions_c.obj 
  000000a0 000002 000011a0 000006a0 16 EXCEP_DefaultExceptionHandler 	Exceptions_c.obj 


.text section layout
  Starting        Virtual  File
  address  Size   address  offset
  ---------------------------------


.text_vle section layout
  Starting        Virtual  File
  address  Size   address  offset
  ---------------------------------
  00000000 000052 00003000 000006b0  1 .text 	__ppc_eabi_init_c.obj 
  00000000 00003e 00003000 000006b0  2 FlashConfig 	__ppc_eabi_init_c.obj 
  0000003e 000012 0000303e 000006ee  2 __init_user 	__ppc_eabi_init_c.obj 
  00000050 000002 00003050 00000700  2 _ExitProcess 	__ppc_eabi_init_c.obj 
  00000052 000050 00003052 00000702  1 .text 	MPC5606B_HWInit_c.obj 
  00000052 000050 00003052 00000702  2 INIT_Derivative 	MPC5606B_HWInit_c.obj 
  UNUSED   000002 ........ ........    INIT_ExternalBusAndMemory MPC5606B_HWInit_c.obj 
  000000a2 000000 000030a2 00000752  1 .text.13 	MPC5606B_HWInit_c.obj 
  000000a2 00004c 000030a2 00000752  1 .text 	SlaveApp_c.obj 
  000000a2 000006 000030a2 00000752  2 ChangeNodeState 	SlaveApp_c.obj 
  000000a8 000006 000030a8 00000758  2 GetNodeState 	SlaveApp_c.obj 
  000000ae 000040 000030ae 0000075e  2 Slave_StateMachine 	SlaveApp_c.obj 
  000000ee 000000 000030ee 0000079e  1 .text.33 	SlaveApp_c.obj 
  000000ee 00008a 000030ee 0000079e  1 .text 	ProcessCommand_c.obj 
  000000ee 00007e 000030ee 0000079e  2 ProcessCommand 	ProcessCommand_c.obj 
  0000016c 000006 0000316c 0000081c  2 SendLedCommand 	ProcessCommand_c.obj 
  00000172 000006 00003172 00000822  2 SendNodeCommand 	ProcessCommand_c.obj 
  00000178 000000 00003178 00000828  1 .text.36 	ProcessCommand_c.obj 
  00000178 0000be 00003178 00000828  1 .text 	LED_App_c.obj 
  00000178 000006 00003178 00000828  2 ChangeLedState 	LED_App_c.obj 
  0000017e 000006 0000317e 0000082e  2 GetLedState 	LED_App_c.obj 
  00000184 0000b2 00003184 00000834  2 Led_StateMachine 	LED_App_c.obj 
  00000236 000000 00003236 000008e6  1 .text.48 	LED_App_c.obj 
  00000236 0000ac 00003236 000008e6  1 .text 	Slave4_Rsp_Rx_Tx_c.obj 
  00000236 00002e 00003236 000008e6  2 LINFlex_0_RX_ISR 	Slave4_Rsp_Rx_Tx_c.obj 
  00000264 00007e 00003264 00000914  2 LINFlex_0_TX_ISR 	Slave4_Rsp_Rx_Tx_c.obj 
  000002e2 000000 000032e2 00000992  1 .text.30 	Slave4_Rsp_Rx_Tx_c.obj 
  000002e2 0000c4 000032e2 00000992  1 .text 	System_c.obj 
  000002e2 0000c4 000032e2 00000992  2 initModesAndClock 	System_c.obj 
  000003a6 000000 000033a6 00000a56  1 .text.20 	System_c.obj 
  000003a6 00000c 000033a6 00000a56  1 .text 	SW_Interrupts_c.obj 
  000003a6 00000c 000033a6 00000a56  2 INTC_init 	SW_Interrupts_c.obj 
  000003b2 000000 000033b2 00000a62  1 .text.10 	SW_Interrupts_c.obj 
  000003b2 00039a 000033b2 00000a62  1 .text 	LIN_Init_c.obj 
  000003b2 0001f6 000033b2 00000a62  2 Init_Lin 	LIN_Init_c.obj 
  000005a8 000066 000035a8 00000c58  2 LinSlaveDataReception 	LIN_Init_c.obj 
  0000060e 000014 0000360e 00000cbe  2 GetLINStateMachineState 	LIN_Init_c.obj 
  00000622 000010 00003622 00000cd2  2 ReceptionComplete 	LIN_Init_c.obj 
  00000632 000010 00003632 00000ce2  2 ClearMessageBuffer 	LIN_Init_c.obj 
  00000642 000010 00003642 00000cf2  2 ReleaseMessageBuffer 	LIN_Init_c.obj 
  00000652 000010 00003652 00000d02  2 HeaderReceived 	LIN_Init_c.obj 
  00000662 000010 00003662 00000d12  2 DataTransmissionRequest 	LIN_Init_c.obj 
  00000672 000010 00003672 00000d22  2 GetBufferId 	LIN_Init_c.obj 
  00000682 000012 00003682 00000d32  2 SetBufferDirection 	LIN_Init_c.obj 
  00000694 000010 00003694 00000d44  2 DataTxAcknowledge 	LIN_Init_c.obj 
  000006a4 0000a8 000036a4 00000d54  2 WriteTxBuffer 	LIN_Init_c.obj 
  0000074c 000000 0000374c 00000dfc  1 .text.73 	LIN_Init_c.obj 
  0000074c 000090 0000374c 00000dfc  1 .text 	Global_Init_c.obj 
  0000074c 000024 0000374c 00000dfc  2 Global_Init 	Global_Init_c.obj 
  00000770 00006c 00003770 00000e20  2 STM_init 	Global_Init_c.obj 
  000007dc 000000 000037dc 00000e8c  1 .text.23 	Global_Init_c.obj 
  000007dc 00005c 000037dc 00000e8c  1 .text 	GPIO_c.obj 
  000007dc 00001a 000037dc 00000e8c  2 GPIO_En 	GPIO_c.obj 
  000007f6 000024 000037f6 00000ea6  2 GPIO_Init 	GPIO_c.obj 
  0000081a 00001e 0000381a 00000eca  2 GPIO_SetState 	GPIO_c.obj 
  00000838 000000 00003838 00000ee8  1 .text.26 	GPIO_c.obj 
  00000838 000118 00003838 00000ee8  1 .text 	Scheduler_c.obj 
  00000838 0000e4 00003838 00000ee8  2 kernel 	Scheduler_c.obj 
  0000091c 000034 0000391c 00000fcc  2 Tick_Flag 	Scheduler_c.obj 
  00000950 000000 00003950 00001000  1 .text.52 	Scheduler_c.obj 
  00000950 000060 00003950 00001000  1 .text 	main_c.obj 
  00000950 000060 00003950 00001000  2 main 	main_c.obj 
  000009b0 000000 000039b0 00001060  1 .text.19 	main_c.obj 
  000009b0 00004e 000039b0 00001060  1 .text 	IntcInterrupts_c.obj 
  000009b0 00002c 000039b0 00001060  2 INTC_InstallINTCInterruptHandler 	IntcInterrupts_c.obj 
  000009dc 000022 000039dc 0000108c  2 INTC_InitINTCInterrupts 	IntcInterrupts_c.obj 
  000009fe 00000e 000039fe 000010ae  1 .text 	Exceptions_c.obj 
  000009fe 00000e 000039fe 000010ae  2 EXCEP_InitExceptionHandlers 	Exceptions_c.obj 
  00000a0c 000040 00003a0c 000010bc  1 .text 	libc_E200z0_VLE_Soft.a D:\w\EPPC\workspace_codegen\ewl\EWL_C\EWL_C.PA_CmdLineData\libc_E200z0_VLE_Soft\obj\abort_exit.o
  UNUSED   00002c ........ ........    abort libc_E200z0_VLE_Soft.a D:\w\EPPC\workspace_codegen\ewl\EWL_C\EWL_C.PA_CmdLineData\libc_E200z0_VLE_Soft\obj\abort_exit.o
  UNUSED   000004 ........ ........    atexit libc_E200z0_VLE_Soft.a D:\w\EPPC\workspace_codegen\ewl\EWL_C\EWL_C.PA_CmdLineData\libc_E200z0_VLE_Soft\obj\abort_exit.o
  00000a0c 000040 00003a0c 000010bc  2 exit 	libc_E200z0_VLE_Soft.a D:\w\EPPC\workspace_codegen\ewl\EWL_C\EWL_C.PA_CmdLineData\libc_E200z0_VLE_Soft\obj\abort_exit.o
  UNUSED   00002a ........ ........    __atexit libc_E200z0_VLE_Soft.a D:\w\EPPC\workspace_codegen\ewl\EWL_C\EWL_C.PA_CmdLineData\libc_E200z0_VLE_Soft\obj\abort_exit.o
  UNUSED   000056 ........ ........    __exit libc_E200z0_VLE_Soft.a D:\w\EPPC\workspace_codegen\ewl\EWL_C\EWL_C.PA_CmdLineData\libc_E200z0_VLE_Soft\obj\abort_exit.o
  00000a4c 000000 00003a4c 000010fc  1 .text.86 	libc_E200z0_VLE_Soft.a D:\w\EPPC\workspace_codegen\ewl\EWL_C\EWL_C.PA_CmdLineData\libc_E200z0_VLE_Soft\obj\abort_exit.o
  00000a4c 000032 00003a4c 000010fc  1 .text 	librt_E200z0_VLE_Soft.a D:\w\EPPC\workspace_codegen\ewl\EWL_Runtime\Runtime_PA_CmdLineData\librt_E200z0_VLE_Soft\obj\global_destructor_chain.o
  UNUSED   000010 ........ ........    __register_global_object librt_E200z0_VLE_Soft.a D:\w\EPPC\workspace_codegen\ewl\EWL_Runtime\Runtime_PA_CmdLineData\librt_E200z0_VLE_Soft\obj\global_destructor_chain.o
  00000a4c 000032 00003a4c 000010fc  2 __destroy_global_chain 	librt_E200z0_VLE_Soft.a D:\w\EPPC\workspace_codegen\ewl\EWL_Runtime\Runtime_PA_CmdLineData\librt_E200z0_VLE_Soft\obj\global_destructor_chain.o
  UNUSED   00003a ........ ........    __register_atexit librt_E200z0_VLE_Soft.a D:\w\EPPC\workspace_codegen\ewl\EWL_Runtime\Runtime_PA_CmdLineData\librt_E200z0_VLE_Soft\obj\global_destructor_chain.o
  00000a7e 000000 00003a7e 0000112e  1 .text.104 	librt_E200z0_VLE_Soft.a D:\w\EPPC\workspace_codegen\ewl\EWL_Runtime\Runtime_PA_CmdLineData\librt_E200z0_VLE_Soft\obj\global_destructor_chain.o
  00000a7e 000008 00003a7e 0000112e  1 .text 	librt_E200z0_VLE_Soft.a D:\w\EPPC\workspace_codegen\ewl\EWL_Runtime\Runtime_PA_CmdLineData\librt_E200z0_VLE_Soft\obj\runtime.o
  UNUSED   00004a ........ ........    __save_gpr librt_E200z0_VLE_Soft.a D:\w\EPPC\workspace_codegen\ewl\EWL_Runtime\Runtime_PA_CmdLineData\librt_E200z0_VLE_Soft\obj\runtime.o
  UNUSED   000000 ........ ........    _savegpr_14 librt_E200z0_VLE_Soft.a D:\w\EPPC\workspace_codegen\ewl\EWL_Runtime\Runtime_PA_CmdLineData\librt_E200z0_VLE_Soft\obj\runtime.o
  UNUSED   000000 ........ ........    _save32gpr_14 librt_E200z0_VLE_Soft.a D:\w\EPPC\workspace_codegen\ewl\EWL_Runtime\Runtime_PA_CmdLineData\librt_E200z0_VLE_Soft\obj\runtime.o
  UNUSED   000000 ........ ........    _savegpr_15 librt_E200z0_VLE_Soft.a D:\w\EPPC\workspace_codegen\ewl\EWL_Runtime\Runtime_PA_CmdLineData\librt_E200z0_VLE_Soft\obj\runtime.o
  UNUSED   000000 ........ ........    _save32gpr_15 librt_E200z0_VLE_Soft.a D:\w\EPPC\workspace_codegen\ewl\EWL_Runtime\Runtime_PA_CmdLineData\librt_E200z0_VLE_Soft\obj\runtime.o
  UNUSED   000000 ........ ........    _savegpr_16 librt_E200z0_VLE_Soft.a D:\w\EPPC\workspace_codegen\ewl\EWL_Runtime\Runtime_PA_CmdLineData\librt_E200z0_VLE_Soft\obj\runtime.o
  UNUSED   000000 ........ ........    _save32gpr_16 librt_E200z0_VLE_Soft.a D:\w\EPPC\workspace_codegen\ewl\EWL_Runtime\Runtime_PA_CmdLineData\librt_E200z0_VLE_Soft\obj\runtime.o
  UNUSED   000000 ........ ........    _savegpr_17 librt_E200z0_VLE_Soft.a D:\w\EPPC\workspace_codegen\ewl\EWL_Runtime\Runtime_PA_CmdLineData\librt_E200z0_VLE_Soft\obj\runtime.o
  UNUSED   000000 ........ ........    _save32gpr_17 librt_E200z0_VLE_Soft.a D:\w\EPPC\workspace_codegen\ewl\EWL_Runtime\Runtime_PA_CmdLineData\librt_E200z0_VLE_Soft\obj\runtime.o
  UNUSED   000000 ........ ........    _savegpr_18 librt_E200z0_VLE_Soft.a D:\w\EPPC\workspace_codegen\ewl\EWL_Runtime\Runtime_PA_CmdLineData\librt_E200z0_VLE_Soft\obj\runtime.o
  UNUSED   000000 ........ ........    _save32gpr_18 librt_E200z0_VLE_Soft.a D:\w\EPPC\workspace_codegen\ewl\EWL_Runtime\Runtime_PA_CmdLineData\librt_E200z0_VLE_Soft\obj\runtime.o
  UNUSED   000000 ........ ........    _savegpr_19 librt_E200z0_VLE_Soft.a D:\w\EPPC\workspace_codegen\ewl\EWL_Runtime\Runtime_PA_CmdLineData\librt_E200z0_VLE_Soft\obj\runtime.o
  UNUSED   000000 ........ ........    _save32gpr_19 librt_E200z0_VLE_Soft.a D:\w\EPPC\workspace_codegen\ewl\EWL_Runtime\Runtime_PA_CmdLineData\librt_E200z0_VLE_Soft\obj\runtime.o
  UNUSED   000000 ........ ........    _savegpr_20 librt_E200z0_VLE_Soft.a D:\w\EPPC\workspace_codegen\ewl\EWL_Runtime\Runtime_PA_CmdLineData\librt_E200z0_VLE_Soft\obj\runtime.o
  UNUSED   000000 ........ ........    _save32gpr_20 librt_E200z0_VLE_Soft.a D:\w\EPPC\workspace_codegen\ewl\EWL_Runtime\Runtime_PA_CmdLineData\librt_E200z0_VLE_Soft\obj\runtime.o
  UNUSED   000000 ........ ........    _savegpr_21 librt_E200z0_VLE_Soft.a D:\w\EPPC\workspace_codegen\ewl\EWL_Runtime\Runtime_PA_CmdLineData\librt_E200z0_VLE_Soft\obj\runtime.o
  UNUSED   000000 ........ ........    _save32gpr_21 librt_E200z0_VLE_Soft.a D:\w\EPPC\workspace_codegen\ewl\EWL_Runtime\Runtime_PA_CmdLineData\librt_E200z0_VLE_Soft\obj\runtime.o
  UNUSED   000000 ........ ........    _savegpr_22 librt_E200z0_VLE_Soft.a D:\w\EPPC\workspace_codegen\ewl\EWL_Runtime\Runtime_PA_CmdLineData\librt_E200z0_VLE_Soft\obj\runtime.o
  UNUSED   000000 ........ ........    _save32gpr_22 librt_E200z0_VLE_Soft.a D:\w\EPPC\workspace_codegen\ewl\EWL_Runtime\Runtime_PA_CmdLineData\librt_E200z0_VLE_Soft\obj\runtime.o
  UNUSED   000000 ........ ........    _savegpr_23 librt_E200z0_VLE_Soft.a D:\w\EPPC\workspace_codegen\ewl\EWL_Runtime\Runtime_PA_CmdLineData\librt_E200z0_VLE_Soft\obj\runtime.o
  UNUSED   000000 ........ ........    _save32gpr_23 librt_E200z0_VLE_Soft.a D:\w\EPPC\workspace_codegen\ewl\EWL_Runtime\Runtime_PA_CmdLineData\librt_E200z0_VLE_Soft\obj\runtime.o
  UNUSED   000000 ........ ........    _savegpr_24 librt_E200z0_VLE_Soft.a D:\w\EPPC\workspace_codegen\ewl\EWL_Runtime\Runtime_PA_CmdLineData\librt_E200z0_VLE_Soft\obj\runtime.o
  UNUSED   000000 ........ ........    _save32gpr_24 librt_E200z0_VLE_Soft.a D:\w\EPPC\workspace_codegen\ewl\EWL_Runtime\Runtime_PA_CmdLineData\librt_E200z0_VLE_Soft\obj\runtime.o
  UNUSED   000000 ........ ........    _savegpr_25 librt_E200z0_VLE_Soft.a D:\w\EPPC\workspace_codegen\ewl\EWL_Runtime\Runtime_PA_CmdLineData\librt_E200z0_VLE_Soft\obj\runtime.o
  UNUSED   000000 ........ ........    _save32gpr_25 librt_E200z0_VLE_Soft.a D:\w\EPPC\workspace_codegen\ewl\EWL_Runtime\Runtime_PA_CmdLineData\librt_E200z0_VLE_Soft\obj\runtime.o
  UNUSED   000000 ........ ........    _savegpr_26 librt_E200z0_VLE_Soft.a D:\w\EPPC\workspace_codegen\ewl\EWL_Runtime\Runtime_PA_CmdLineData\librt_E200z0_VLE_Soft\obj\runtime.o
  UNUSED   000000 ........ ........    _save32gpr_26 librt_E200z0_VLE_Soft.a D:\w\EPPC\workspace_codegen\ewl\EWL_Runtime\Runtime_PA_CmdLineData\librt_E200z0_VLE_Soft\obj\runtime.o
  UNUSED   000000 ........ ........    _savegpr_27 librt_E200z0_VLE_Soft.a D:\w\EPPC\workspace_codegen\ewl\EWL_Runtime\Runtime_PA_CmdLineData\librt_E200z0_VLE_Soft\obj\runtime.o
  UNUSED   000000 ........ ........    _save32gpr_27 librt_E200z0_VLE_Soft.a D:\w\EPPC\workspace_codegen\ewl\EWL_Runtime\Runtime_PA_CmdLineData\librt_E200z0_VLE_Soft\obj\runtime.o
  UNUSED   000000 ........ ........    _savegpr_28 librt_E200z0_VLE_Soft.a D:\w\EPPC\workspace_codegen\ewl\EWL_Runtime\Runtime_PA_CmdLineData\librt_E200z0_VLE_Soft\obj\runtime.o
  UNUSED   000000 ........ ........    _save32gpr_28 librt_E200z0_VLE_Soft.a D:\w\EPPC\workspace_codegen\ewl\EWL_Runtime\Runtime_PA_CmdLineData\librt_E200z0_VLE_Soft\obj\runtime.o
  UNUSED   000000 ........ ........    _savegpr_29 librt_E200z0_VLE_Soft.a D:\w\EPPC\workspace_codegen\ewl\EWL_Runtime\Runtime_PA_CmdLineData\librt_E200z0_VLE_Soft\obj\runtime.o
  UNUSED   000000 ........ ........    _save32gpr_29 librt_E200z0_VLE_Soft.a D:\w\EPPC\workspace_codegen\ewl\EWL_Runtime\Runtime_PA_CmdLineData\librt_E200z0_VLE_Soft\obj\runtime.o
  UNUSED   000000 ........ ........    _savegpr_30 librt_E200z0_VLE_Soft.a D:\w\EPPC\workspace_codegen\ewl\EWL_Runtime\Runtime_PA_CmdLineData\librt_E200z0_VLE_Soft\obj\runtime.o
  UNUSED   000000 ........ ........    _save32gpr_30 librt_E200z0_VLE_Soft.a D:\w\EPPC\workspace_codegen\ewl\EWL_Runtime\Runtime_PA_CmdLineData\librt_E200z0_VLE_Soft\obj\runtime.o
  UNUSED   000000 ........ ........    _savegpr_31 librt_E200z0_VLE_Soft.a D:\w\EPPC\workspace_codegen\ewl\EWL_Runtime\Runtime_PA_CmdLineData\librt_E200z0_VLE_Soft\obj\runtime.o
  UNUSED   000000 ........ ........    _save32gpr_31 librt_E200z0_VLE_Soft.a D:\w\EPPC\workspace_codegen\ewl\EWL_Runtime\Runtime_PA_CmdLineData\librt_E200z0_VLE_Soft\obj\runtime.o
  UNUSED   00004a ........ ........    __restore_gpr librt_E200z0_VLE_Soft.a D:\w\EPPC\workspace_codegen\ewl\EWL_Runtime\Runtime_PA_CmdLineData\librt_E200z0_VLE_Soft\obj\runtime.o
  UNUSED   000000 ........ ........    _restgpr_14 librt_E200z0_VLE_Soft.a D:\w\EPPC\workspace_codegen\ewl\EWL_Runtime\Runtime_PA_CmdLineData\librt_E200z0_VLE_Soft\obj\runtime.o
  UNUSED   000000 ........ ........    _rest32gpr_14 librt_E200z0_VLE_Soft.a D:\w\EPPC\workspace_codegen\ewl\EWL_Runtime\Runtime_PA_CmdLineData\librt_E200z0_VLE_Soft\obj\runtime.o
  UNUSED   000000 ........ ........    _restgpr_15 librt_E200z0_VLE_Soft.a D:\w\EPPC\workspace_codegen\ewl\EWL_Runtime\Runtime_PA_CmdLineData\librt_E200z0_VLE_Soft\obj\runtime.o
  UNUSED   000000 ........ ........    _rest32gpr_15 librt_E200z0_VLE_Soft.a D:\w\EPPC\workspace_codegen\ewl\EWL_Runtime\Runtime_PA_CmdLineData\librt_E200z0_VLE_Soft\obj\runtime.o
  UNUSED   000000 ........ ........    _restgpr_16 librt_E200z0_VLE_Soft.a D:\w\EPPC\workspace_codegen\ewl\EWL_Runtime\Runtime_PA_CmdLineData\librt_E200z0_VLE_Soft\obj\runtime.o
  UNUSED   000000 ........ ........    _rest32gpr_16 librt_E200z0_VLE_Soft.a D:\w\EPPC\workspace_codegen\ewl\EWL_Runtime\Runtime_PA_CmdLineData\librt_E200z0_VLE_Soft\obj\runtime.o
  UNUSED   000000 ........ ........    _restgpr_17 librt_E200z0_VLE_Soft.a D:\w\EPPC\workspace_codegen\ewl\EWL_Runtime\Runtime_PA_CmdLineData\librt_E200z0_VLE_Soft\obj\runtime.o
  UNUSED   000000 ........ ........    _rest32gpr_17 librt_E200z0_VLE_Soft.a D:\w\EPPC\workspace_codegen\ewl\EWL_Runtime\Runtime_PA_CmdLineData\librt_E200z0_VLE_Soft\obj\runtime.o
  UNUSED   000000 ........ ........    _restgpr_18 librt_E200z0_VLE_Soft.a D:\w\EPPC\workspace_codegen\ewl\EWL_Runtime\Runtime_PA_CmdLineData\librt_E200z0_VLE_Soft\obj\runtime.o
  UNUSED   000000 ........ ........    _rest32gpr_18 librt_E200z0_VLE_Soft.a D:\w\EPPC\workspace_codegen\ewl\EWL_Runtime\Runtime_PA_CmdLineData\librt_E200z0_VLE_Soft\obj\runtime.o
  UNUSED   000000 ........ ........    _restgpr_19 librt_E200z0_VLE_Soft.a D:\w\EPPC\workspace_codegen\ewl\EWL_Runtime\Runtime_PA_CmdLineData\librt_E200z0_VLE_Soft\obj\runtime.o
  UNUSED   000000 ........ ........    _rest32gpr_19 librt_E200z0_VLE_Soft.a D:\w\EPPC\workspace_codegen\ewl\EWL_Runtime\Runtime_PA_CmdLineData\librt_E200z0_VLE_Soft\obj\runtime.o
  UNUSED   000000 ........ ........    _restgpr_20 librt_E200z0_VLE_Soft.a D:\w\EPPC\workspace_codegen\ewl\EWL_Runtime\Runtime_PA_CmdLineData\librt_E200z0_VLE_Soft\obj\runtime.o
  UNUSED   000000 ........ ........    _rest32gpr_20 librt_E200z0_VLE_Soft.a D:\w\EPPC\workspace_codegen\ewl\EWL_Runtime\Runtime_PA_CmdLineData\librt_E200z0_VLE_Soft\obj\runtime.o
  UNUSED   000000 ........ ........    _restgpr_21 librt_E200z0_VLE_Soft.a D:\w\EPPC\workspace_codegen\ewl\EWL_Runtime\Runtime_PA_CmdLineData\librt_E200z0_VLE_Soft\obj\runtime.o
  UNUSED   000000 ........ ........    _rest32gpr_21 librt_E200z0_VLE_Soft.a D:\w\EPPC\workspace_codegen\ewl\EWL_Runtime\Runtime_PA_CmdLineData\librt_E200z0_VLE_Soft\obj\runtime.o
  UNUSED   000000 ........ ........    _restgpr_22 librt_E200z0_VLE_Soft.a D:\w\EPPC\workspace_codegen\ewl\EWL_Runtime\Runtime_PA_CmdLineData\librt_E200z0_VLE_Soft\obj\runtime.o
  UNUSED   000000 ........ ........    _rest32gpr_22 librt_E200z0_VLE_Soft.a D:\w\EPPC\workspace_codegen\ewl\EWL_Runtime\Runtime_PA_CmdLineData\librt_E200z0_VLE_Soft\obj\runtime.o
  UNUSED   000000 ........ ........    _restgpr_23 librt_E200z0_VLE_Soft.a D:\w\EPPC\workspace_codegen\ewl\EWL_Runtime\Runtime_PA_CmdLineData\librt_E200z0_VLE_Soft\obj\runtime.o
  UNUSED   000000 ........ ........    _rest32gpr_23 librt_E200z0_VLE_Soft.a D:\w\EPPC\workspace_codegen\ewl\EWL_Runtime\Runtime_PA_CmdLineData\librt_E200z0_VLE_Soft\obj\runtime.o
  UNUSED   000000 ........ ........    _restgpr_24 librt_E200z0_VLE_Soft.a D:\w\EPPC\workspace_codegen\ewl\EWL_Runtime\Runtime_PA_CmdLineData\librt_E200z0_VLE_Soft\obj\runtime.o
  UNUSED   000000 ........ ........    _rest32gpr_24 librt_E200z0_VLE_Soft.a D:\w\EPPC\workspace_codegen\ewl\EWL_Runtime\Runtime_PA_CmdLineData\librt_E200z0_VLE_Soft\obj\runtime.o
  UNUSED   000000 ........ ........    _restgpr_25 librt_E200z0_VLE_Soft.a D:\w\EPPC\workspace_codegen\ewl\EWL_Runtime\Runtime_PA_CmdLineData\librt_E200z0_VLE_Soft\obj\runtime.o
  UNUSED   000000 ........ ........    _rest32gpr_25 librt_E200z0_VLE_Soft.a D:\w\EPPC\workspace_codegen\ewl\EWL_Runtime\Runtime_PA_CmdLineData\librt_E200z0_VLE_Soft\obj\runtime.o
  UNUSED   000000 ........ ........    _restgpr_26 librt_E200z0_VLE_Soft.a D:\w\EPPC\workspace_codegen\ewl\EWL_Runtime\Runtime_PA_CmdLineData\librt_E200z0_VLE_Soft\obj\runtime.o
  UNUSED   000000 ........ ........    _rest32gpr_26 librt_E200z0_VLE_Soft.a D:\w\EPPC\workspace_codegen\ewl\EWL_Runtime\Runtime_PA_CmdLineData\librt_E200z0_VLE_Soft\obj\runtime.o
  UNUSED   000000 ........ ........    _restgpr_27 librt_E200z0_VLE_Soft.a D:\w\EPPC\workspace_codegen\ewl\EWL_Runtime\Runtime_PA_CmdLineData\librt_E200z0_VLE_Soft\obj\runtime.o
  UNUSED   000000 ........ ........    _rest32gpr_27 librt_E200z0_VLE_Soft.a D:\w\EPPC\workspace_codegen\ewl\EWL_Runtime\Runtime_PA_CmdLineData\librt_E200z0_VLE_Soft\obj\runtime.o
  UNUSED   000000 ........ ........    _restgpr_28 librt_E200z0_VLE_Soft.a D:\w\EPPC\workspace_codegen\ewl\EWL_Runtime\Runtime_PA_CmdLineData\librt_E200z0_VLE_Soft\obj\runtime.o
  UNUSED   000000 ........ ........    _rest32gpr_28 librt_E200z0_VLE_Soft.a D:\w\EPPC\workspace_codegen\ewl\EWL_Runtime\Runtime_PA_CmdLineData\librt_E200z0_VLE_Soft\obj\runtime.o
  UNUSED   000000 ........ ........    _restgpr_29 librt_E200z0_VLE_Soft.a D:\w\EPPC\workspace_codegen\ewl\EWL_Runtime\Runtime_PA_CmdLineData\librt_E200z0_VLE_Soft\obj\runtime.o
  UNUSED   000000 ........ ........    _rest32gpr_29 librt_E200z0_VLE_Soft.a D:\w\EPPC\workspace_codegen\ewl\EWL_Runtime\Runtime_PA_CmdLineData\librt_E200z0_VLE_Soft\obj\runtime.o
  UNUSED   000000 ........ ........    _restgpr_30 librt_E200z0_VLE_Soft.a D:\w\EPPC\workspace_codegen\ewl\EWL_Runtime\Runtime_PA_CmdLineData\librt_E200z0_VLE_Soft\obj\runtime.o
  UNUSED   000000 ........ ........    _rest32gpr_30 librt_E200z0_VLE_Soft.a D:\w\EPPC\workspace_codegen\ewl\EWL_Runtime\Runtime_PA_CmdLineData\librt_E200z0_VLE_Soft\obj\runtime.o
  UNUSED   000000 ........ ........    _restgpr_31 librt_E200z0_VLE_Soft.a D:\w\EPPC\workspace_codegen\ewl\EWL_Runtime\Runtime_PA_CmdLineData\librt_E200z0_VLE_Soft\obj\runtime.o
  UNUSED   000000 ........ ........    _rest32gpr_31 librt_E200z0_VLE_Soft.a D:\w\EPPC\workspace_codegen\ewl\EWL_Runtime\Runtime_PA_CmdLineData\librt_E200z0_VLE_Soft\obj\runtime.o
  00000a7e 000008 00003a7e 0000112e  2 __restore_frame_and_exit 	librt_E200z0_VLE_Soft.a D:\w\EPPC\workspace_codegen\ewl\EWL_Runtime\Runtime_PA_CmdLineData\librt_E200z0_VLE_Soft\obj\runtime.o
  UNUSED   000000 ........ ........    __finish_restore_frame_and_exit2 librt_E200z0_VLE_Soft.a D:\w\EPPC\workspace_codegen\ewl\EWL_Runtime\Runtime_PA_CmdLineData\librt_E200z0_VLE_Soft\obj\runtime.o
  UNUSED   00000a ........ ........    __restore_gpr_31_exit librt_E200z0_VLE_Soft.a D:\w\EPPC\workspace_codegen\ewl\EWL_Runtime\Runtime_PA_CmdLineData\librt_E200z0_VLE_Soft\obj\runtime.o
  UNUSED   000000 ........ ........    __finish_restore_frame_and_exit librt_E200z0_VLE_Soft.a D:\w\EPPC\workspace_codegen\ewl\EWL_Runtime\Runtime_PA_CmdLineData\librt_E200z0_VLE_Soft\obj\runtime.o
  UNUSED   000008 ........ ........    __restore_gpr_30_exit librt_E200z0_VLE_Soft.a D:\w\EPPC\workspace_codegen\ewl\EWL_Runtime\Runtime_PA_CmdLineData\librt_E200z0_VLE_Soft\obj\runtime.o
  UNUSED   000008 ........ ........    __restore_gpr_29_exit librt_E200z0_VLE_Soft.a D:\w\EPPC\workspace_codegen\ewl\EWL_Runtime\Runtime_PA_CmdLineData\librt_E200z0_VLE_Soft\obj\runtime.o
  UNUSED   000008 ........ ........    __restore_gpr_28_exit librt_E200z0_VLE_Soft.a D:\w\EPPC\workspace_codegen\ewl\EWL_Runtime\Runtime_PA_CmdLineData\librt_E200z0_VLE_Soft\obj\runtime.o
  UNUSED   000008 ........ ........    __restore_gpr_27_exit librt_E200z0_VLE_Soft.a D:\w\EPPC\workspace_codegen\ewl\EWL_Runtime\Runtime_PA_CmdLineData\librt_E200z0_VLE_Soft\obj\runtime.o
  UNUSED   000008 ........ ........    __restore_gpr_26_exit librt_E200z0_VLE_Soft.a D:\w\EPPC\workspace_codegen\ewl\EWL_Runtime\Runtime_PA_CmdLineData\librt_E200z0_VLE_Soft\obj\runtime.o
  UNUSED   00000a ........ ........    __restore_gpr_25_exit librt_E200z0_VLE_Soft.a D:\w\EPPC\workspace_codegen\ewl\EWL_Runtime\Runtime_PA_CmdLineData\librt_E200z0_VLE_Soft\obj\runtime.o
  UNUSED   000008 ........ ........    __restore_gpr_24_exit librt_E200z0_VLE_Soft.a D:\w\EPPC\workspace_codegen\ewl\EWL_Runtime\Runtime_PA_CmdLineData\librt_E200z0_VLE_Soft\obj\runtime.o
  UNUSED   000008 ........ ........    __restore_gpr_23_exit librt_E200z0_VLE_Soft.a D:\w\EPPC\workspace_codegen\ewl\EWL_Runtime\Runtime_PA_CmdLineData\librt_E200z0_VLE_Soft\obj\runtime.o
  UNUSED   000008 ........ ........    __restore_gpr_22_exit librt_E200z0_VLE_Soft.a D:\w\EPPC\workspace_codegen\ewl\EWL_Runtime\Runtime_PA_CmdLineData\librt_E200z0_VLE_Soft\obj\runtime.o
  UNUSED   000008 ........ ........    __restore_gpr_21_exit librt_E200z0_VLE_Soft.a D:\w\EPPC\workspace_codegen\ewl\EWL_Runtime\Runtime_PA_CmdLineData\librt_E200z0_VLE_Soft\obj\runtime.o
  UNUSED   000008 ........ ........    __restore_gpr_20_exit librt_E200z0_VLE_Soft.a D:\w\EPPC\workspace_codegen\ewl\EWL_Runtime\Runtime_PA_CmdLineData\librt_E200z0_VLE_Soft\obj\runtime.o
  UNUSED   000008 ........ ........    __restore_gpr_19_exit librt_E200z0_VLE_Soft.a D:\w\EPPC\workspace_codegen\ewl\EWL_Runtime\Runtime_PA_CmdLineData\librt_E200z0_VLE_Soft\obj\runtime.o
  UNUSED   000008 ........ ........    __restore_gpr_18_exit librt_E200z0_VLE_Soft.a D:\w\EPPC\workspace_codegen\ewl\EWL_Runtime\Runtime_PA_CmdLineData\librt_E200z0_VLE_Soft\obj\runtime.o
  UNUSED   000008 ........ ........    __restore_gpr_17_exit librt_E200z0_VLE_Soft.a D:\w\EPPC\workspace_codegen\ewl\EWL_Runtime\Runtime_PA_CmdLineData\librt_E200z0_VLE_Soft\obj\runtime.o
  UNUSED   000008 ........ ........    __restore_gpr_16_exit librt_E200z0_VLE_Soft.a D:\w\EPPC\workspace_codegen\ewl\EWL_Runtime\Runtime_PA_CmdLineData\librt_E200z0_VLE_Soft\obj\runtime.o
  UNUSED   000008 ........ ........    __restore_gpr_15_exit librt_E200z0_VLE_Soft.a D:\w\EPPC\workspace_codegen\ewl\EWL_Runtime\Runtime_PA_CmdLineData\librt_E200z0_VLE_Soft\obj\runtime.o
  UNUSED   000008 ........ ........    __restore_gpr_14_exit librt_E200z0_VLE_Soft.a D:\w\EPPC\workspace_codegen\ewl\EWL_Runtime\Runtime_PA_CmdLineData\librt_E200z0_VLE_Soft\obj\runtime.o
  UNUSED   00000c ........ ........    __create_frame librt_E200z0_VLE_Soft.a D:\w\EPPC\workspace_codegen\ewl\EWL_Runtime\Runtime_PA_CmdLineData\librt_E200z0_VLE_Soft\obj\runtime.o
  UNUSED   000000 ........ ........    __save_lr librt_E200z0_VLE_Soft.a D:\w\EPPC\workspace_codegen\ewl\EWL_Runtime\Runtime_PA_CmdLineData\librt_E200z0_VLE_Soft\obj\runtime.o
  UNUSED   00000c ........ ........    __create_frame_and_save_gpr_31 librt_E200z0_VLE_Soft.a D:\w\EPPC\workspace_codegen\ewl\EWL_Runtime\Runtime_PA_CmdLineData\librt_E200z0_VLE_Soft\obj\runtime.o
  UNUSED   00000c ........ ........    __create_frame_and_save_gpr_30 librt_E200z0_VLE_Soft.a D:\w\EPPC\workspace_codegen\ewl\EWL_Runtime\Runtime_PA_CmdLineData\librt_E200z0_VLE_Soft\obj\runtime.o
  UNUSED   00000c ........ ........    __create_frame_and_save_gpr_29 librt_E200z0_VLE_Soft.a D:\w\EPPC\workspace_codegen\ewl\EWL_Runtime\Runtime_PA_CmdLineData\librt_E200z0_VLE_Soft\obj\runtime.o
  UNUSED   00000c ........ ........    __create_frame_and_save_gpr_28 librt_E200z0_VLE_Soft.a D:\w\EPPC\workspace_codegen\ewl\EWL_Runtime\Runtime_PA_CmdLineData\librt_E200z0_VLE_Soft\obj\runtime.o
  UNUSED   00000c ........ ........    __create_frame_and_save_gpr_27 librt_E200z0_VLE_Soft.a D:\w\EPPC\workspace_codegen\ewl\EWL_Runtime\Runtime_PA_CmdLineData\librt_E200z0_VLE_Soft\obj\runtime.o
  UNUSED   00000c ........ ........    __create_frame_and_save_gpr_26 librt_E200z0_VLE_Soft.a D:\w\EPPC\workspace_codegen\ewl\EWL_Runtime\Runtime_PA_CmdLineData\librt_E200z0_VLE_Soft\obj\runtime.o
  UNUSED   00000c ........ ........    __create_frame_and_save_gpr_25 librt_E200z0_VLE_Soft.a D:\w\EPPC\workspace_codegen\ewl\EWL_Runtime\Runtime_PA_CmdLineData\librt_E200z0_VLE_Soft\obj\runtime.o
  UNUSED   00000c ........ ........    __create_frame_and_save_gpr_24 librt_E200z0_VLE_Soft.a D:\w\EPPC\workspace_codegen\ewl\EWL_Runtime\Runtime_PA_CmdLineData\librt_E200z0_VLE_Soft\obj\runtime.o
  UNUSED   00000c ........ ........    __create_frame_and_save_gpr_23 librt_E200z0_VLE_Soft.a D:\w\EPPC\workspace_codegen\ewl\EWL_Runtime\Runtime_PA_CmdLineData\librt_E200z0_VLE_Soft\obj\runtime.o
  UNUSED   00000c ........ ........    __create_frame_and_save_gpr_22 librt_E200z0_VLE_Soft.a D:\w\EPPC\workspace_codegen\ewl\EWL_Runtime\Runtime_PA_CmdLineData\librt_E200z0_VLE_Soft\obj\runtime.o
  UNUSED   00000c ........ ........    __create_frame_and_save_gpr_21 librt_E200z0_VLE_Soft.a D:\w\EPPC\workspace_codegen\ewl\EWL_Runtime\Runtime_PA_CmdLineData\librt_E200z0_VLE_Soft\obj\runtime.o
  UNUSED   00000c ........ ........    __create_frame_and_save_gpr_20 librt_E200z0_VLE_Soft.a D:\w\EPPC\workspace_codegen\ewl\EWL_Runtime\Runtime_PA_CmdLineData\librt_E200z0_VLE_Soft\obj\runtime.o
  UNUSED   00000c ........ ........    __create_frame_and_save_gpr_19 librt_E200z0_VLE_Soft.a D:\w\EPPC\workspace_codegen\ewl\EWL_Runtime\Runtime_PA_CmdLineData\librt_E200z0_VLE_Soft\obj\runtime.o
  UNUSED   00000c ........ ........    __create_frame_and_save_gpr_18 librt_E200z0_VLE_Soft.a D:\w\EPPC\workspace_codegen\ewl\EWL_Runtime\Runtime_PA_CmdLineData\librt_E200z0_VLE_Soft\obj\runtime.o
  UNUSED   00000c ........ ........    __create_frame_and_save_gpr_17 librt_E200z0_VLE_Soft.a D:\w\EPPC\workspace_codegen\ewl\EWL_Runtime\Runtime_PA_CmdLineData\librt_E200z0_VLE_Soft\obj\runtime.o
  UNUSED   00000c ........ ........    __create_frame_and_save_gpr_16 librt_E200z0_VLE_Soft.a D:\w\EPPC\workspace_codegen\ewl\EWL_Runtime\Runtime_PA_CmdLineData\librt_E200z0_VLE_Soft\obj\runtime.o
  UNUSED   00000c ........ ........    __create_frame_and_save_gpr_15 librt_E200z0_VLE_Soft.a D:\w\EPPC\workspace_codegen\ewl\EWL_Runtime\Runtime_PA_CmdLineData\librt_E200z0_VLE_Soft\obj\runtime.o
  UNUSED   00000c ........ ........    __create_frame_and_save_gpr_14 librt_E200z0_VLE_Soft.a D:\w\EPPC\workspace_codegen\ewl\EWL_Runtime\Runtime_PA_CmdLineData\librt_E200z0_VLE_Soft\obj\runtime.o
  UNUSED   0000c4 ........ ........    __div2u librt_E200z0_VLE_Soft.a D:\w\EPPC\workspace_codegen\ewl\EWL_Runtime\Runtime_PA_CmdLineData\librt_E200z0_VLE_Soft\obj\runtime.o
  UNUSED   000108 ........ ........    __div2i librt_E200z0_VLE_Soft.a D:\w\EPPC\workspace_codegen\ewl\EWL_Runtime\Runtime_PA_CmdLineData\librt_E200z0_VLE_Soft\obj\runtime.o
  UNUSED   0000ba ........ ........    __mod2u librt_E200z0_VLE_Soft.a D:\w\EPPC\workspace_codegen\ewl\EWL_Runtime\Runtime_PA_CmdLineData\librt_E200z0_VLE_Soft\obj\runtime.o
  UNUSED   0000e2 ........ ........    __mod2i librt_E200z0_VLE_Soft.a D:\w\EPPC\workspace_codegen\ewl\EWL_Runtime\Runtime_PA_CmdLineData\librt_E200z0_VLE_Soft\obj\runtime.o
  UNUSED   00001a ........ ........    __shl2i librt_E200z0_VLE_Soft.a D:\w\EPPC\workspace_codegen\ewl\EWL_Runtime\Runtime_PA_CmdLineData\librt_E200z0_VLE_Soft\obj\runtime.o
  UNUSED   00001a ........ ........    __shr2u librt_E200z0_VLE_Soft.a D:\w\EPPC\workspace_codegen\ewl\EWL_Runtime\Runtime_PA_CmdLineData\librt_E200z0_VLE_Soft\obj\runtime.o
  UNUSED   00001c ........ ........    __shr2i librt_E200z0_VLE_Soft.a D:\w\EPPC\workspace_codegen\ewl\EWL_Runtime\Runtime_PA_CmdLineData\librt_E200z0_VLE_Soft\obj\runtime.o
  00000a86 000000 00003a86 00001136  1 .text.205 	librt_E200z0_VLE_Soft.a D:\w\EPPC\workspace_codegen\ewl\EWL_Runtime\Runtime_PA_CmdLineData\librt_E200z0_VLE_Soft\obj\runtime.o


.rodata section layout
  Starting        Virtual  File
  address  Size   address  offset
  ---------------------------------
  00000000 00000c 00003a88 00001138  1 .rodata 	__ppc_eabi_init_c.obj 
  00000000 00000c 00003a88 00001138  4 @23 	__ppc_eabi_init_c.obj 
  0000000c 000004 00003a98 00001148  8 *fill*
  00000010 000024 00003a98 00001148  1 .rodata 	Scheduler_c.obj 
  00000010 000024 00003a98 00001148  4 cas_TaskList 	Scheduler_c.obj 


.ctors section layout
  Starting        Virtual  File
  address  Size   address  offset
  ---------------------------------


.dtors section layout
  Starting        Virtual  File
  address  Size   address  offset
  ---------------------------------


extab section layout
  Starting        Virtual  File
  address  Size   address  offset
  ---------------------------------


extabindex section layout
  Starting        Virtual  File
  address  Size   address  offset
  ---------------------------------


.__uninitialized_intc_handlertable section layout
  Starting        Virtual  File
  address  Size   address  offset
  ---------------------------------
  00000000 0003a4 40000000 00001800  1 .__uninitialized_intc_handlertable 	IntcInterrupts_c.obj 
  00000000 0003a4 40000000 00001800  4 INTCInterruptsHandlerTable 	IntcInterrupts_c.obj 


.data section layout
  Starting        Virtual  File
  address  Size   address  offset
  ---------------------------------


.sdata section layout
  Starting        Virtual  File
  address  Size   address  offset
  ---------------------------------


.sbss section layout
  Starting        Virtual  File
  address  Size   address  offset
  ---------------------------------
  00000000 000001 400003a8 00001800  1 .sbss 	SlaveApp_c.obj 
  00000000 000001 400003a8 00001800  1 rub_NodeState 	SlaveApp_c.obj 
  00000001 000007 400003b0 00001808  8 *fill*
  00000008 000002 400003b0 00001808  1 .sbss 	ProcessCommand_c.obj 
  00000008 000001 400003b0 00001808  1 rub_LedFlag 	ProcessCommand_c.obj 
  00000009 000001 400003b1 00001809  1 rub_NodeFlag 	ProcessCommand_c.obj 
  0000000a 000006 400003b8 00001810  8 *fill*
  00000010 000002 400003b8 00001810  1 .sbss 	LED_App_c.obj 
  00000010 000001 400003b8 00001810  1 rub_LedState 	LED_App_c.obj 
  00000011 000001 400003b9 00001811  1 @LOCAL@Led_StateMachine__Fv@lub_TickCounter 	LED_App_c.obj 
  00000012 000006 400003c0 00001818  8 *fill*
  00000018 000009 400003c0 00001818  1 .sbss 	Slave4_Rsp_Rx_Tx_c.obj 
  00000018 000008 400003c0 00001818  8 raub_RxData 	Slave4_Rsp_Rx_Tx_c.obj 
  00000020 000001 400003c8 00001820  1 rub_CommandFlag 	Slave4_Rsp_Rx_Tx_c.obj 
  00000021 000007 400003d0 00001828  8 *fill*
  00000028 00000c 400003d0 00001828  1 .sbss 	Scheduler_c.obj 
  00000028 000001 400003d0 00001828  1 rub_TickFlag 	Scheduler_c.obj 
  0000002c 000004 400003d4 0000182c  4 rul_Index 	Scheduler_c.obj 
  00000030 000004 400003d8 00001830  4 rul_Count 	Scheduler_c.obj 
  00000034 000004 400003e0 00001838  8 *fill*
  00000038 000008 400003e0 00001838  1 .sbss 	libc_E200z0_VLE_Soft.a D:\w\EPPC\workspace_codegen\ewl\EWL_C\EWL_C.PA_CmdLineData\libc_E200z0_VLE_Soft\obj\abort_exit.o
  UNUSED   000004 ........ ........    __atexit_curr_func_C libc_E200z0_VLE_Soft.a D:\w\EPPC\workspace_codegen\ewl\EWL_C\EWL_C.PA_CmdLineData\libc_E200z0_VLE_Soft\obj\abort_exit.o
  00000038 000004 400003e0 00001838  4 __stdio_exit 	libc_E200z0_VLE_Soft.a D:\w\EPPC\workspace_codegen\ewl\EWL_C\EWL_C.PA_CmdLineData\libc_E200z0_VLE_Soft\obj\abort_exit.o
  0000003c 000004 400003e4 0000183c  4 __console_exit 	libc_E200z0_VLE_Soft.a D:\w\EPPC\workspace_codegen\ewl\EWL_C\EWL_C.PA_CmdLineData\libc_E200z0_VLE_Soft\obj\abort_exit.o
  00000040 000004 400003e8 00001840  1 .sbss 	librt_E200z0_VLE_Soft.a D:\w\EPPC\workspace_codegen\ewl\EWL_Runtime\Runtime_PA_CmdLineData\librt_E200z0_VLE_Soft\obj\global_destructor_chain.o
  UNUSED   000004 ........ ........    atexit_curr_func librt_E200z0_VLE_Soft.a D:\w\EPPC\workspace_codegen\ewl\EWL_Runtime\Runtime_PA_CmdLineData\librt_E200z0_VLE_Soft\obj\global_destructor_chain.o
  00000040 000004 400003e8 00001840  4 __global_destructor_chain 	librt_E200z0_VLE_Soft.a D:\w\EPPC\workspace_codegen\ewl\EWL_Runtime\Runtime_PA_CmdLineData\librt_E200z0_VLE_Soft\obj\global_destructor_chain.o


.sdata2 section layout
  Starting        Virtual  File
  address  Size   address  offset
  ---------------------------------


.sbss2 section layout
  Starting        Virtual  File
  address  Size   address  offset
  ---------------------------------


.bss section layout
  Starting        Virtual  File
  address  Size   address  offset
  ---------------------------------
  00000000 00000c 400003f0 00001800  1 .bss 	Scheduler_c.obj 
  00000000 00000c 400003f0 00001800  4 raul_NTask 	Scheduler_c.obj 


Memory map:
                       Starting Size     File     ROM      RAM Buffer  S-Record
                       address           Offset   Address  Address     Line
       .__bam_bootarea 00000000 00000008 00000260 00000000 00000000          2
                 .init 00000008 00000080 00000268 00000008 00000008          3
             .init_vle 00000088 0000020c 000002e8 00000088 00000088         10
    .ivor_branch_table 00001000 000000f4 00000500 00001000 00001000         37
  .intc_hw_branch_table 000010f4 00000000 00000800 000010f4 000010f4          0
  .__exception_handlers 00001100 000000a4 00000600 00001100 00001100         50
             .text_vle 00003000 00000a88 000006b0 00003000 00003000         59
               .rodata 00003a88 00000034 00001138 00003a88 00003a88        194
                .ctors 00003abc 00000000 0000116c 00003abc 00003abc          0
                .dtors 00003abc 00000000 0000116c 00003abc 00003abc          0
                 extab 00003abc 00000000 0000116c 00003abc 00003abc          0
            extabindex 00003abc 00000000 0000116c 00003abc 00003abc          0
  .__uninitialized_intc_handlertable 40000000 000003a4 00001800 00004000 00004000          0
                 .data 400003a4 00000000 00001800 00004000 00004000          0
                .sdata 400003a4 00000000 00001800 00004000 00004000          0
                 .sbss 400003a8 00000044 00001800 00004000 00004000          0
               .sdata2 400003ec 00000000 00001800 00004000 00004000          0
                .sbss2 400003ec 00000000 00001800 00004000 00004000          0
                  .bss 400003f0 0000000c 00001800 00004000 00004000          0
      .PPC.EMB.apuinfo 000086f4 00000000 00009f00 0000c6f4 0000c6f4          0
         .debug_abbrev          0000013b 00001800
           .debug_info          000023c9 0000193b
           .debug_line          0000419e 00003d04
            .debug_loc          000005f8 00007ea2
       .debug_pubnames          00000748 0000849a


Linker generated symbols:
       EXCEPTION_HANDLERS 00001000
          L2SRAM_LOCATION 40000000
               L2SRAM_CNT 00000280
        _f___bam_bootarea 00000000
    _f___bam_bootarea_rom 00000000
        _e___bam_bootarea 00000008
                  _f_init 00000008
              _f_init_rom 00000008
                  _e_init 00000088
              _f_init_vle 00000088
          _f_init_vle_rom 00000088
              _e_init_vle 00000294
     _f_ivor_branch_table 00001000
 _f_ivor_branch_table_rom 00001000
     _e_ivor_branch_table 000010f4
  _f_intc_hw_branch_table 000010f4
_f_intc_hw_branch_table_rom 000010f4
  _e_intc_hw_branch_table 000010f4
  _f___exception_handlers 00001100
_f___exception_handlers_rom 00001100
  _e___exception_handlers 000011a4
                  _f_text 00003000
              _f_text_rom 00003000
                  _e_text 00003000
              _f_text_vle 00003000
          _f_text_vle_rom 00003000
              _e_text_vle 00003a88
                _f_rodata 00003a88
            _f_rodata_rom 00003a88
                _e_rodata 00003abc
                 _f_ctors 00003abc
             _f_ctors_rom 00003abc
                 _e_ctors 00003abc
                 _f_dtors 00003abc
             _f_dtors_rom 00003abc
                 _e_dtors 00003abc
                  _fextab 00003abc
              _fextab_rom 00003abc
                  _eextab 00003abc
             _fextabindex 00003abc
         _fextabindex_rom 00003abc
             _eextabindex 00003abc
_f___uninitialized_intc_handlertable 40000000
_e___uninitialized_intc_handlertable 400003a4
                  _f_data 400003a4
              _f_data_rom 00004000
                  _e_data 400003a4
                 _f_sdata 400003a4
             _f_sdata_rom 00004000
                 _e_sdata 400003a4
                  _f_sbss 400003a8
                  _e_sbss 400003ec
                _f_sdata2 400003ec
            _f_sdata2_rom 00004000
                _e_sdata2 400003ec
                 _f_sbss2 400003ec
                 _e_sbss2 400003ec
                   _f_bss 400003f0
                   _e_bss 400003fc
              _stack_addr 40014000
               _stack_end 40013000
               _heap_addr 40012000
                _heap_end 40013000
             _nbfunctions 0000003a
           SIZEOF_HEADERS 00000260
               _SDA_BASE_ 400083a4
              _SDA2_BASE_ 400083ec
           _ABS_SDA_BASE_ 400083a4
          _ABS_SDA2_BASE_ 400083ec
                 _SP_INIT 40014000
             __HEAP_START 40012000
              __mem_limit 40013000
           __stack_safety 00000010
